🔌 Using Local Database Config: localhost

        🚀 Googer Backend Enhanced
        -------------------------
        📍 Local Access: http://localhost:5000
        📍 API Access:   http://localhost:5000/api
        📍 Health Check: http://localhost:5000/api/health
        🛡️  Security:     Helmet, Rate Limiter Active
        -------------------------
        
✅ Connected to PostgreSQL database
[0mGET /api/health [32m200[0m 226.124 ms - 154[0m
✅ Connected to PostgreSQL database
[0mGET /api/health [32m200[0m 40.040 ms - 154[0m
✅ Connected to PostgreSQL database
[0mPOST /api/auth/login [32m200[0m 204.084 ms - 27939[0m
[AUTH] Token Decoded: { id: 4, userId: '4208' }
[0mGET /api/cart [32m200[0m 44.869 ms - 18646[0m
[AUTH] Token Decoded: { id: 4, userId: '4208' }
[AUTH] Token Decoded: { id: 4, userId: '4208' }
[AUTH] Fetching profile for ID: 4
[0mGET /api/cart [32m200[0m 10.445 ms - 18646[0m
✅ Connected to PostgreSQL database
[DEBUG] Processing profile for sandildilmith12
[0mGET /api/auth/profile [32m200[0m 167.006 ms - 27740[0m
[AUTH] Token Decoded: { id: 4, userId: '4208' }
[0mGET /api/cart [32m200[0m 6.750 ms - 18646[0m
[AUTH] Token Decoded: { id: 4, userId: '4208' }
[AUTH] Fetching profile for ID: 4
[DEBUG] Processing profile for sandildilmith12
[0mGET /api/auth/profile [36m304[0m 11.384 ms - -[0m
[AUTH] Token Decoded: { id: 4, userId: '4208' }
[0mGET /api/chat/conversations [32m200[0m 14.949 ms - 1080[0m
[AUTH] Token Decoded: { id: 4, userId: '4208' }
[0mGET /api/cart [32m200[0m 4.311 ms - 18646[0m
[AUTH] Token Decoded: { id: 4, userId: '4208' }
[0mGET /api/chat/conversations [32m200[0m 4.559 ms - 1080[0m
[AUTH] Token Decoded: { id: 4, userId: '4208' }
[0mGET /api/cart [32m200[0m 3.531 ms - 18646[0m
[AUTH] Token Decoded: { id: 4, userId: '4208' }
[AUTH] Fetching profile for ID: 4
[DEBUG] Processing profile for sandildilmith12
[0mGET /api/auth/profile [36m304[0m 10.748 ms - -[0m
[AUTH] Token Decoded: { id: 4, userId: '4208' }
[AUTH] Fetching profile for ID: 4
[DEBUG] Processing profile for sandildilmith12
[0mGET /api/auth/profile [36m304[0m 9.846 ms - -[0m
[DEBUG] getMarketItems query: SELECT m.id, m.user_id, m.username, m.title, m.description, m.price, m.promo_price, m.category, 
                            m.sub_category, m.manual_category, m.stock, m.image_url, m.status, 
                            m.likes_count, m.comments_count, m.shares_count, m.views_count,
                            m.variants, m.shipping_info, m.commission_info,
                            m.created_at, m.product_code,
                            u.username as owner_username, u.profile_picture,
                            EXISTS(SELECT 1 FROM market_likes ml WHERE ml.market_id = m.id AND ml.user_id = $1) as user_liked
                     FROM market m 
                     INNER JOIN users u ON m.user_id = u.id 
                     WHERE 1=1 AND m.status = ANY($2) ORDER BY m.created_at DESC
[DEBUG] getMarketItems params: [ null, [ 'approved', 'active' ] ]
[DEBUG] getMarketItems Result Rows: [
  { id: 21, user_id: 5, status: 'active' },
  { id: 16, user_id: 4, status: 'active' },
  { id: 15, user_id: 4, status: 'active' },
  { id: 10, user_id: 2, status: 'active' }
]
[0mGET /api/market?status=approved [32m200[0m 17.616 ms - 612036[0m
[0mGET /api/auth/user/4/following [32m200[0m 1.932 ms - 26953[0m
[AUTH] Token Decoded: { id: 4, userId: '4208' }
[AUTH] Token Decoded: { id: 4, userId: '4208' }
[AUTH] Token Decoded: { id: 4, userId: '4208' }
[AUTH] Token Decoded: { id: 4, userId: '4208' }
✅ Connected to PostgreSQL database
✅ Connected to PostgreSQL database
✅ Connected to PostgreSQL database
✅ Connected to PostgreSQL database
[0mGET /api/orders/seller?status=processing [32m200[0m 119.482 ms - 26[0m
[0mGET /api/orders/buyer?status=pending%2Cprocessing%2Cshipped%2Cdelivered%2Creceived%2Creshipped%2Ccancelled%2Creturned%2Crejected [32m200[0m 140.873 ms - 2073715[0m
[AUTH] Token Decoded: { id: 4, userId: '4208' }
[0mGET /api/orders/buyer?status=processing [32m200[0m 5.294 ms - 26[0m
[AUTH] Token Decoded: { id: 4, userId: '4208' }
[0mGET /api/orders/seller?status=pending%2Cprocessing%2Cshipped%2Cdelivered%2Creceived%2Creshipped%2Ccancelled%2Creturned%2Crejected [32m200[0m 25.307 ms - 3175480[0m
✅ Connected to PostgreSQL database
✅ Connected to PostgreSQL database
[0mGET /api/orders/seller?status=shipped [32m200[0m 266.260 ms - 26[0m
[DEBUG] getMarketItems query: SELECT m.id, m.user_id, m.username, m.title, m.description, m.price, m.promo_price, m.category, 
                            m.sub_category, m.manual_category, m.stock, m.image_url, m.status, 
                            m.likes_count, m.comments_count, m.shares_count, m.views_count,
                            m.variants, m.shipping_info, m.commission_info,
                            m.created_at, m.product_code,
                            u.username as owner_username, u.profile_picture,
                            EXISTS(SELECT 1 FROM market_likes ml WHERE ml.market_id = m.id AND ml.user_id = $1) as user_liked
                     FROM market m 
                     INNER JOIN users u ON m.user_id = u.id 
                     WHERE 1=1 AND m.status = ANY($2) ORDER BY m.created_at DESC
[DEBUG] getMarketItems params: [ null, [ 'approved', 'active' ] ]
[0mGET /api/orders/buyer?status=shipped [32m200[0m 271.076 ms - 26[0m
[DEBUG] getMarketItems Result Rows: [
  { id: 21, user_id: 5, status: 'active' },
  { id: 16, user_id: 4, status: 'active' },
  { id: 15, user_id: 4, status: 'active' },
  { id: 10, user_id: 2, status: 'active' }
]
[0mGET /api/market?status=approved [36m304[0m 20.266 ms - -[0m
[0mGET /api/auth/user/4/following [36m304[0m 3.470 ms - -[0m
[DEBUG] getMarketItems query: SELECT m.id, m.user_id, m.username, m.title, m.description, m.price, m.promo_price, m.category, 
                            m.sub_category, m.manual_category, m.stock, m.image_url, m.status, 
                            m.likes_count, m.comments_count, m.shares_count, m.views_count,
                            m.variants, m.shipping_info, m.commission_info,
                            m.created_at, m.product_code,
                            u.username as owner_username, u.profile_picture,
                            EXISTS(SELECT 1 FROM market_likes ml WHERE ml.market_id = m.id AND ml.user_id = $1) as user_liked
                     FROM market m 
                     INNER JOIN users u ON m.user_id = u.id 
                     WHERE 1=1 AND m.status = ANY($2) ORDER BY m.created_at DESC
[DEBUG] getMarketItems params: [ null, [ 'approved', 'active' ] ]
[DEBUG] getMarketItems Result Rows: [
  { id: 21, user_id: 5, status: 'active' },
  { id: 16, user_id: 4, status: 'active' },
  { id: 15, user_id: 4, status: 'active' },
  { id: 10, user_id: 2, status: 'active' }
]
[0mGET /api/market?status=approved [36m304[0m 12.329 ms - -[0m
[AUTH] Token Decoded: { id: 4, userId: '4208' }
[0mGET /api/chat/conversations [32m200[0m 8.178 ms - 1080[0m
[DEBUG] getMarketItems query: SELECT m.id, m.user_id, m.username, m.title, m.description, m.price, m.promo_price, m.category, 
                            m.sub_category, m.manual_category, m.stock, m.image_url, m.status, 
                            m.likes_count, m.comments_count, m.shares_count, m.views_count,
                            m.variants, m.shipping_info, m.commission_info,
                            m.created_at, m.product_code,
                            u.username as owner_username, u.profile_picture,
                            EXISTS(SELECT 1 FROM market_likes ml WHERE ml.market_id = m.id AND ml.user_id = $1) as user_liked
                     FROM market m 
                     INNER JOIN users u ON m.user_id = u.id 
                     WHERE 1=1 AND m.user_id = $2 AND m.status = ANY($3) ORDER BY m.created_at DESC
[DEBUG] getMarketItems params: [ null, 4, [ 'approved', 'active' ] ]
[AUTH] Token Decoded: { id: 4, userId: '4208' }
[AUTH] Token Decoded: { id: 4, userId: '4208' }
[AUTH] Token Decoded: { id: 4, userId: '4208' }
[AUTH] Token Decoded: { id: 4, userId: '4208' }
[AUTH] Token Decoded: { id: 4, userId: '4208' }
[DEBUG] getMarketItems Result Rows: [
  { id: 16, user_id: 4, status: 'active' },
  { id: 15, user_id: 4, status: 'active' }
]
[0mGET /api/market?user_id=4&status=approved [32m200[0m 25.519 ms - 401587[0m
[AUTH] Token Decoded: { id: 4, userId: '4208' }
[AUTH] Token Decoded: { id: 4, userId: '4208' }
[0mGET /api/cart [32m200[0m 17.354 ms - 18646[0m
[0mGET /api/orders/buyer?status=processing [32m200[0m 34.621 ms - 26[0m
[0mGET /api/orders/seller?status=shipped [32m200[0m 30.165 ms - 26[0m
[0mGET /api/orders/buyer?status=pending%2Cprocessing%2Cshipped%2Cdelivered%2Creceived%2Creshipped%2Ccancelled%2Creturned%2Crejected [32m200[0m 62.929 ms - 2073715[0m
[0mGET /api/orders/seller?status=pending%2Cprocessing%2Cshipped%2Cdelivered%2Creceived%2Creshipped%2Ccancelled%2Creturned%2Crejected [32m200[0m 59.357 ms - 3175480[0m
✅ Connected to PostgreSQL database
[0mGET /api/orders/seller?status=processing [32m200[0m 132.911 ms - 26[0m
✅ Connected to PostgreSQL database
[0mGET /api/orders/buyer?status=shipped [32m200[0m 154.100 ms - 26[0m
[AUTH] Token Decoded: { id: 4, userId: '4208' }
[0mGET /api/orders/seller?status=shipped [32m200[0m 5.189 ms - 26[0m
[AUTH] Token Decoded: { id: 4, userId: '4208' }
[0mGET /api/orders/buyer?status=pending%2Cprocessing%2Cshipped%2Cdelivered%2Creceived%2Creshipped%2Ccancelled%2Creturned%2Crejected [32m200[0m 16.407 ms - 2073715[0m
[AUTH] Token Decoded: { id: 4, userId: '4208' }
[AUTH] Token Decoded: { id: 4, userId: '4208' }
[AUTH] Token Decoded: { id: 4, userId: '4208' }
[AUTH] Token Decoded: { id: 4, userId: '4208' }
[AUTH] Token Decoded: { id: 4, userId: '4208' }
[0mGET /api/orders/buyer?status=processing [32m200[0m 21.224 ms - 26[0m
[0mGET /api/orders/seller?status=processing [32m200[0m 17.059 ms - 26[0m
[0mGET /api/orders/buyer?status=shipped [32m200[0m 16.865 ms - 26[0m
[0mGET /api/orders/buyer?status=pending%2Cprocessing%2Cshipped%2Cdelivered%2Creceived%2Creshipped%2Ccancelled%2Creturned%2Crejected [32m200[0m 36.588 ms - 2073715[0m
[0mGET /api/orders/seller?status=pending%2Cprocessing%2Cshipped%2Cdelivered%2Creceived%2Creshipped%2Ccancelled%2Creturned%2Crejected [32m200[0m 62.702 ms - 3175480[0m
[AUTH] Token Decoded: { id: 4, userId: '4208' }
[0mGET /api/chat/conversations [32m200[0m 11.015 ms - 1080[0m
[AUTH] Token Decoded: { id: 4, userId: '4208' }
[0mGET /api/cart [32m200[0m 5.616 ms - 18646[0m
[DEBUG] getMarketItems query: SELECT m.id, m.user_id, m.username, m.title, m.description, m.price, m.promo_price, m.category, 
                            m.sub_category, m.manual_category, m.stock, m.image_url, m.status, 
                            m.likes_count, m.comments_count, m.shares_count, m.views_count,
                            m.variants, m.shipping_info, m.commission_info,
                            m.created_at, m.product_code,
                            u.username as owner_username, u.profile_picture,
                            EXISTS(SELECT 1 FROM market_likes ml WHERE ml.market_id = m.id AND ml.user_id = $1) as user_liked
                     FROM market m 
                     INNER JOIN users u ON m.user_id = u.id 
                     WHERE 1=1 AND m.user_id = $2 AND m.status = ANY($3) ORDER BY m.created_at DESC
[DEBUG] getMarketItems params: [ null, 4, [ 'approved', 'active' ] ]
[DEBUG] getMarketItems Result Rows: [
  { id: 16, user_id: 4, status: 'active' },
  { id: 15, user_id: 4, status: 'active' }
]
[0mGET /api/market?user_id=4&status=approved [36m304[0m 13.614 ms - -[0m
[AUTH] Token Decoded: { id: 4, userId: '4208' }
[0mGET /api/chat/conversations [32m200[0m 5.115 ms - 1080[0m
[AUTH] Token Decoded: { id: 4, userId: '4208' }
[0mGET /api/orders/seller?status=shipped [32m200[0m 5.161 ms - 26[0m
[AUTH] Token Decoded: { id: 4, userId: '4208' }
[AUTH] Token Decoded: { id: 4, userId: '4208' }
[AUTH] Token Decoded: { id: 4, userId: '4208' }
[AUTH] Token Decoded: { id: 4, userId: '4208' }
[0mGET /api/orders/seller?status=processing [32m200[0m 8.275 ms - 26[0m
[0mGET /api/orders/buyer?status=processing [32m200[0m 13.979 ms - 26[0m
[0mGET /api/orders/buyer?status=shipped [32m200[0m 21.522 ms - 26[0m
[AUTH] Token Decoded: { id: 4, userId: '4208' }
[0mGET /api/orders/seller?status=pending%2Cprocessing%2Cshipped%2Cdelivered%2Creceived%2Creshipped%2Ccancelled%2Creturned%2Crejected [32m200[0m 39.238 ms - 3175480[0m
[0mGET /api/orders/buyer?status=pending%2Cprocessing%2Cshipped%2Cdelivered%2Creceived%2Creshipped%2Ccancelled%2Creturned%2Crejected [32m200[0m 38.226 ms - 2073715[0m
[AUTH] Token Decoded: { id: 4, userId: '4208' }
[0mGET /api/cart [32m200[0m 3.825 ms - 18646[0m
[AUTH] Token Decoded: { id: 4, userId: '4208' }
[0mGET /api/chat/conversations [32m200[0m 4.776 ms - 1080[0m
[AUTH] Token Decoded: { id: 4, userId: '4208' }
[0mGET /api/cart [32m200[0m 4.176 ms - 18646[0m
[AUTH] Token Decoded: { id: 4, userId: '4208' }
[0mGET /api/chat/conversations [32m200[0m 5.424 ms - 1080[0m
[AUTH] Token Decoded: { id: 4, userId: '4208' }
[0mGET /api/cart [32m200[0m 4.427 ms - 18646[0m
[AUTH] Token Decoded: { id: 4, userId: '4208' }
[0mGET /api/chat/conversations [32m200[0m 4.872 ms - 1080[0m
[AUTH] Token Decoded: { id: 4, userId: '4208' }
[0mGET /api/cart [32m200[0m 4.160 ms - 18646[0m
[AUTH] Token Decoded: { id: 4, userId: '4208' }
[0mGET /api/chat/conversations [32m200[0m 4.066 ms - 1080[0m
[AUTH] Token Decoded: { id: 4, userId: '4208' }
[0mGET /api/chat/conversations [32m200[0m 4.994 ms - 1080[0m
[AUTH] Token Decoded: { id: 4, userId: '4208' }
[AUTH] Token Decoded: { id: 4, userId: '4208' }
[AUTH] Token Decoded: { id: 4, userId: '4208' }
[AUTH] Token Decoded: { id: 4, userId: '4208' }
[AUTH] Token Decoded: { id: 4, userId: '4208' }
[AUTH] Token Decoded: { id: 4, userId: '4208' }
✅ Connected to PostgreSQL database
✅ Connected to PostgreSQL database
[AUTH] Token Decoded: { id: 4, userId: '4208' }
[AUTH] Token Decoded: { id: 4, userId: '4208' }
[AUTH] Token Decoded: { id: 4, userId: '4208' }
[AUTH] Token Decoded: { id: 4, userId: '4208' }
[AUTH] Token Decoded: { id: 4, userId: '4208' }
[DEBUG] getMarketItems query: SELECT m.id, m.user_id, m.username, m.title, m.description, m.price, m.promo_price, m.category, 
                            m.sub_category, m.manual_category, m.stock, m.image_url, m.status, 
                            m.likes_count, m.comments_count, m.shares_count, m.views_count,
                            m.variants, m.shipping_info, m.commission_info,
                            m.created_at, m.product_code,
                            u.username as owner_username, u.profile_picture,
                            EXISTS(SELECT 1 FROM market_likes ml WHERE ml.market_id = m.id AND ml.user_id = $1) as user_liked
                     FROM market m 
                     INNER JOIN users u ON m.user_id = u.id 
                     WHERE 1=1 AND m.user_id = $2 AND m.status = ANY($3) ORDER BY m.created_at DESC
[DEBUG] getMarketItems params: [ null, 4, [ 'approved', 'active' ] ]
[AUTH] Token Decoded: { id: 4, userId: '4208' }
[AUTH] Token Decoded: { id: 4, userId: '4208' }
[AUTH] Token Decoded: { id: 4, userId: '4208' }
✅ Connected to PostgreSQL database
✅ Connected to PostgreSQL database
✅ Connected to PostgreSQL database
✅ Connected to PostgreSQL database
[0mGET /api/orders/seller?status=processing [32m200[0m 180.613 ms - 26[0m
✅ Connected to PostgreSQL database
[0mGET /api/orders/buyer?status=processing [32m200[0m 206.634 ms - 26[0m
✅ Connected to PostgreSQL database
[0mGET /api/orders/buyer?status=pending%2Cprocessing%2Cshipped%2Cdelivered%2Creceived%2Creshipped%2Ccancelled%2Creturned%2Crejected [32m200[0m 235.937 ms - 2073715[0m
[DEBUG] getMarketItems Result Rows: [
  { id: 16, user_id: 4, status: 'active' },
  { id: 15, user_id: 4, status: 'active' }
]
[0mGET /api/market?user_id=4&status=approved [36m304[0m 155.231 ms - -[0m
✅ Connected to PostgreSQL database
[0mGET /api/cart [32m200[0m 184.664 ms - 18646[0m
[0mGET /api/orders/seller?status=shipped [0m-[0m - ms - -[0m
[0mGET /api/orders/buyer?status=processing [0m-[0m - ms - -[0m
[0mGET /api/orders/seller?status=pending%2Cprocessing%2Cshipped%2Cdelivered%2Creceived%2Creshipped%2Ccancelled%2Creturned%2Crejected [0m-[0m - ms - -[0m
[0mGET /api/orders/buyer?status=pending%2Cprocessing%2Cshipped%2Cdelivered%2Creceived%2Creshipped%2Ccancelled%2Creturned%2Crejected [0m-[0m - ms - -[0m
[0mGET /api/orders/seller?status=processing [0m-[0m - ms - -[0m
[0mGET /api/orders/seller?status=pending%2Cprocessing%2Cshipped%2Cdelivered%2Creceived%2Creshipped%2Ccancelled%2Creturned%2Crejected [0m-[0m - ms - -[0m
[0mGET /api/orders/buyer?status=shipped [0m-[0m - ms - -[0m
[0mGET /api/orders/seller?status=shipped [0m-[0m - ms - -[0m
[0mGET /api/orders/buyer?status=shipped [0m-[0m - ms - -[0m
[0mGET /api/orders/buyer?status=pending%2Cprocessing%2Cshipped%2Cdelivered%2Creceived%2Creshipped%2Ccancelled%2Creturned%2Crejected [0m-[0m - ms - -[0m
[AUTH] Token Decoded: { id: 4, userId: '4208' }
[AUTH] Token Decoded: { id: 4, userId: '4208' }
[AUTH] Token Decoded: { id: 4, userId: '4208' }
[AUTH] Token Decoded: { id: 4, userId: '4208' }
[AUTH] Token Decoded: { id: 4, userId: '4208' }
[AUTH] Token Decoded: { id: 4, userId: '4208' }
[AUTH] Token Decoded: { id: 4, userId: '4208' }
[AUTH] Token Decoded: { id: 4, userId: '4208' }
[AUTH] Token Decoded: { id: 4, userId: '4208' }
[AUTH] Token Decoded: { id: 4, userId: '4208' }
[AUTH] Token Decoded: { id: 4, userId: '4208' }
[AUTH] Token Decoded: { id: 4, userId: '4208' }
[AUTH] Token Decoded: { id: 4, userId: '4208' }
[AUTH] Token Decoded: { id: 4, userId: '4208' }
[AUTH] Token Decoded: { id: 4, userId: '4208' }
[AUTH] Token Decoded: { id: 4, userId: '4208' }
[AUTH] Token Decoded: { id: 4, userId: '4208' }
[AUTH] Fetching profile for ID: 4
[AUTH] Token Decoded: { id: 4, userId: '4208' }
[AUTH] Token Decoded: { id: 4, userId: '4208' }
[AUTH] Token Decoded: { id: 4, userId: '4208' }
[AUTH] Token Decoded: { id: 4, userId: '4208' }
[AUTH] Token Decoded: { id: 4, userId: '4208' }
[AUTH] Token Decoded: { id: 4, userId: '4208' }
[AUTH] Token Decoded: { id: 4, userId: '4208' }
[AUTH] Token Decoded: { id: 4, userId: '4208' }
[AUTH] Token Decoded: { id: 4, userId: '4208' }
[AUTH] Token Decoded: { id: 4, userId: '4208' }
[AUTH] Token Decoded: { id: 4, userId: '4208' }
[AUTH] Token Decoded: { id: 4, userId: '4208' }
[AUTH] Token Decoded: { id: 4, userId: '4208' }
[AUTH] Token Decoded: { id: 4, userId: '4208' }
[AUTH] Token Decoded: { id: 4, userId: '4208' }
[AUTH] Token Decoded: { id: 4, userId: '4208' }
[AUTH] Token Decoded: { id: 4, userId: '4208' }
[AUTH] Token Decoded: { id: 4, userId: '4208' }
[AUTH] Token Decoded: { id: 4, userId: '4208' }
[AUTH] Token Decoded: { id: 4, userId: '4208' }
[AUTH] Token Decoded: { id: 4, userId: '4208' }
[AUTH] Token Decoded: { id: 4, userId: '4208' }
[DEBUG] getMarketItems query: SELECT m.id, m.user_id, m.username, m.title, m.description, m.price, m.promo_price, m.category, 
                            m.sub_category, m.manual_category, m.stock, m.image_url, m.status, 
                            m.likes_count, m.comments_count, m.shares_count, m.views_count,
                            m.variants, m.shipping_info, m.commission_info,
                            m.created_at, m.product_code,
                            u.username as owner_username, u.profile_picture,
                            EXISTS(SELECT 1 FROM market_likes ml WHERE ml.market_id = m.id AND ml.user_id = $1) as user_liked
                     FROM market m 
                     INNER JOIN users u ON m.user_id = u.id 
                     WHERE 1=1 AND m.status = ANY($2) ORDER BY m.created_at DESC
[DEBUG] getMarketItems params: [ null, [ 'approved', 'active' ] ]
[AUTH] Token Decoded: { id: 4, userId: '4208' }
[AUTH] Token Decoded: { id: 4, userId: '4208' }
[AUTH] Token Decoded: { id: 4, userId: '4208' }
[AUTH] Token Decoded: { id: 4, userId: '4208' }
[AUTH] Token Decoded: { id: 4, userId: '4208' }
[AUTH] Token Decoded: { id: 4, userId: '4208' }
[AUTH] Token Decoded: { id: 4, userId: '4208' }
[AUTH] Token Decoded: { id: 4, userId: '4208' }
[AUTH] Token Decoded: { id: 4, userId: '4208' }
[AUTH] Token Decoded: { id: 4, userId: '4208' }
[AUTH] Token Decoded: { id: 4, userId: '4208' }
[AUTH] Token Decoded: { id: 4, userId: '4208' }
[AUTH] Token Decoded: { id: 4, userId: '4208' }
[AUTH] Token Decoded: { id: 4, userId: '4208' }
[AUTH] Token Decoded: { id: 4, userId: '4208' }
[AUTH] Token Decoded: { id: 4, userId: '4208' }
[AUTH] Token Decoded: { id: 4, userId: '4208' }
[AUTH] Token Decoded: { id: 4, userId: '4208' }
[AUTH] Token Decoded: { id: 4, userId: '4208' }
[AUTH] Token Decoded: { id: 4, userId: '4208' }
[AUTH] Token Decoded: { id: 4, userId: '4208' }
[AUTH] Fetching profile for ID: 4
[AUTH] Token Decoded: { id: 4, userId: '4208' }
[AUTH] Token Decoded: { id: 4, userId: '4208' }
[AUTH] Token Decoded: { id: 4, userId: '4208' }
[AUTH] Token Decoded: { id: 4, userId: '4208' }
[AUTH] Token Decoded: { id: 4, userId: '4208' }
[AUTH] Token Decoded: { id: 4, userId: '4208' }
[AUTH] Token Decoded: { id: 4, userId: '4208' }
[AUTH] Token Decoded: { id: 4, userId: '4208' }
[AUTH] Fetching profile for ID: 4
[AUTH] Token Decoded: { id: 4, userId: '4208' }
[AUTH] Fetching profile for ID: 4
[AUTH] Token Decoded: { id: 4, userId: '4208' }
[AUTH] Token Decoded: { id: 4, userId: '4208' }
[AUTH] Token Decoded: { id: 4, userId: '4208' }
[AUTH] Token Decoded: { id: 4, userId: '4208' }
[AUTH] Token Decoded: { id: 4, userId: '4208' }
[AUTH] Token Decoded: { id: 4, userId: '4208' }
[AUTH] Token Decoded: { id: 4, userId: '4208' }
[AUTH] Token Decoded: { id: 4, userId: '4208' }
[AUTH] Token Decoded: { id: 4, userId: '4208' }
[AUTH] Token Decoded: { id: 4, userId: '4208' }
[AUTH] Token Decoded: { id: 4, userId: '4208' }
[AUTH] Token Decoded: { id: 4, userId: '4208' }
[AUTH] Token Decoded: { id: 4, userId: '4208' }
[AUTH] Token Decoded: { id: 4, userId: '4208' }
[AUTH] Token Decoded: { id: 4, userId: '4208' }
[AUTH] Token Decoded: { id: 4, userId: '4208' }
[AUTH] Token Decoded: { id: 4, userId: '4208' }
[AUTH] Fetching profile for ID: 4
[AUTH] Token Decoded: { id: 4, userId: '4208' }
[AUTH] Fetching profile for ID: 4
[DEBUG] getMarketItems query: SELECT m.id, m.user_id, m.username, m.title, m.description, m.price, m.promo_price, m.category, 
                            m.sub_category, m.manual_category, m.stock, m.image_url, m.status, 
                            m.likes_count, m.comments_count, m.shares_count, m.views_count,
                            m.variants, m.shipping_info, m.commission_info,
                            m.created_at, m.product_code,
                            u.username as owner_username, u.profile_picture,
                            EXISTS(SELECT 1 FROM market_likes ml WHERE ml.market_id = m.id AND ml.user_id = $1) as user_liked
                     FROM market m 
                     INNER JOIN users u ON m.user_id = u.id 
                     WHERE 1=1 AND m.status = ANY($2) ORDER BY m.created_at DESC
[DEBUG] getMarketItems params: [ null, [ 'approved', 'active' ] ]
[DEBUG] getMarketItems query: SELECT m.id, m.user_id, m.username, m.title, m.description, m.price, m.promo_price, m.category, 
                            m.sub_category, m.manual_category, m.stock, m.image_url, m.status, 
                            m.likes_count, m.comments_count, m.shares_count, m.views_count,
                            m.variants, m.shipping_info, m.commission_info,
                            m.created_at, m.product_code,
                            u.username as owner_username, u.profile_picture,
                            EXISTS(SELECT 1 FROM market_likes ml WHERE ml.market_id = m.id AND ml.user_id = $1) as user_liked
                     FROM market m 
                     INNER JOIN users u ON m.user_id = u.id 
                     WHERE 1=1 AND m.status = ANY($2) ORDER BY m.created_at DESC
[DEBUG] getMarketItems params: [ null, [ 'approved', 'active' ] ]
[AUTH] Token Decoded: { id: 4, userId: '4208' }
[AUTH] Token Decoded: { id: 4, userId: '4208' }
[AUTH] Token Decoded: { id: 4, userId: '4208' }
[AUTH] Fetching profile for ID: 4
[AUTH] Token Decoded: { id: 4, userId: '4208' }
[AUTH] Token Decoded: { id: 4, userId: '4208' }
[AUTH] Token Decoded: { id: 4, userId: '4208' }
[AUTH] Token Decoded: { id: 4, userId: '4208' }
[AUTH] Token Decoded: { id: 4, userId: '4208' }
[AUTH] Token Decoded: { id: 4, userId: '4208' }
[0mGET /api/orders/buyer?status=pending%2Cprocessing%2Cshipped%2Cdelivered%2Creceived%2Creshipped%2Ccancelled%2Creturned%2Crejected [0m-[0m - ms - -[0m
[0mGET /api/cart [0m-[0m - ms - -[0m
[0mGET /api/orders/seller?status=pending%2Cprocessing%2Cshipped%2Cdelivered%2Creceived%2Creshipped%2Ccancelled%2Creturned%2Crejected [0m-[0m - ms - -[0m
[0mGET /api/orders/buyer?status=shipped [0m-[0m - ms - -[0m
[0mGET /api/orders/seller?status=shipped [0m-[0m - ms - -[0m
[0mGET /api/cart [0m-[0m - ms - -[0m
[0mGET /api/chat/conversations [0m-[0m - ms - -[0m
[0mGET /api/market/16 [0m-[0m - ms - -[0m
[0mGET /api/orders/buyer?status=processing [0m-[0m - ms - -[0m
[0mGET /api/orders/seller?status=pending%2Cprocessing%2Cshipped%2Cdelivered%2Creceived%2Creshipped%2Ccancelled%2Creturned%2Crejected [0m-[0m - ms - -[0m
[0mGET /api/orders/seller?status=shipped [0m-[0m - ms - -[0m
[0mGET /api/orders/buyer?status=shipped [0m-[0m - ms - -[0m
[0mGET /api/orders/buyer?status=pending%2Cprocessing%2Cshipped%2Cdelivered%2Creceived%2Creshipped%2Ccancelled%2Creturned%2Crejected [0m-[0m - ms - -[0m
[0mGET /api/chat/conversations [0m-[0m - ms - -[0m
[0mGET /api/orders/seller?status=processing [0m-[0m - ms - -[0m
[0mGET /api/chat/conversations [0m-[0m - ms - -[0m
[0mGET /api/cart [0m-[0m - ms - -[0m
[0mGET /api/auth/profile [0m-[0m - ms - -[0m
[AUTH] Token Decoded: { id: 4, userId: '4208' }
[AUTH] Token Decoded: { id: 4, userId: '4208' }
[AUTH] Token Decoded: { id: 4, userId: '4208' }
[AUTH] Token Decoded: { id: 4, userId: '4208' }
[AUTH] Token Decoded: { id: 4, userId: '4208' }
[AUTH] Token Decoded: { id: 4, userId: '4208' }
[AUTH] Token Decoded: { id: 4, userId: '4208' }
[AUTH] Token Decoded: { id: 4, userId: '4208' }
[AUTH] Token Decoded: { id: 4, userId: '4208' }
[AUTH] Token Decoded: { id: 4, userId: '4208' }
[AUTH] Token Decoded: { id: 4, userId: '4208' }
[AUTH] Token Decoded: { id: 4, userId: '4208' }
[AUTH] Token Decoded: { id: 4, userId: '4208' }
[AUTH] Token Decoded: { id: 4, userId: '4208' }
[AUTH] Token Decoded: { id: 4, userId: '4208' }
[AUTH] Token Decoded: { id: 4, userId: '4208' }
[AUTH] Token Decoded: { id: 4, userId: '4208' }
[AUTH] Token Decoded: { id: 4, userId: '4208' }
[0mGET /api/orders/buyer?status=shipped [0m-[0m - ms - -[0m
[0mGET /api/orders/seller?status=pending%2Cprocessing%2Cshipped%2Cdelivered%2Creceived%2Creshipped%2Ccancelled%2Creturned%2Crejected [0m-[0m - ms - -[0m
[0mGET /api/orders/buyer?status=processing [0m-[0m - ms - -[0m
[0mGET /api/orders/buyer?status=processing [0m-[0m - ms - -[0m
[0mGET /api/cart [0m-[0m - ms - -[0m
[0mGET /api/orders/buyer?status=pending%2Cprocessing%2Cshipped%2Cdelivered%2Creceived%2Creshipped%2Ccancelled%2Creturned%2Crejected [0m-[0m - ms - -[0m
[0mGET /api/orders/buyer?status=shipped [0m-[0m - ms - -[0m
[AUTH] Token Decoded: { id: 4, userId: '4208' }
[0mGET /api/orders/seller?status=processing [0m-[0m - ms - -[0m
[0mGET /api/orders/seller?status=pending%2Cprocessing%2Cshipped%2Cdelivered%2Creceived%2Creshipped%2Ccancelled%2Creturned%2Crejected [0m-[0m - ms - -[0m
[0mGET /api/orders/buyer?status=pending%2Cprocessing%2Cshipped%2Cdelivered%2Creceived%2Creshipped%2Ccancelled%2Creturned%2Crejected [0m-[0m - ms - -[0m
[0mGET /api/orders/seller?status=shipped [0m-[0m - ms - -[0m
[0mGET /api/orders/seller?status=pending%2Cprocessing%2Cshipped%2Cdelivered%2Creceived%2Creshipped%2Ccancelled%2Creturned%2Crejected [0m-[0m - ms - -[0m
[0mGET /api/orders/buyer?status=shipped [0m-[0m - ms - -[0m
[0mGET /api/orders/seller?status=pending%2Cprocessing%2Cshipped%2Cdelivered%2Creceived%2Creshipped%2Ccancelled%2Creturned%2Crejected [0m-[0m - ms - -[0m
[0mGET /api/orders/seller?status=shipped [0m-[0m - ms - -[0m
[0mGET /api/cart [0m-[0m - ms - -[0m
[0mGET /api/orders/buyer?status=processing [0m-[0m - ms - -[0m
[0mGET /api/orders/seller?status=processing [0m-[0m - ms - -[0m
[0mGET /api/orders/seller?status=pending%2Cprocessing%2Cshipped%2Cdelivered%2Creceived%2Creshipped%2Ccancelled%2Creturned%2Crejected [0m-[0m - ms - -[0m
[0mGET /api/orders/buyer?status=pending%2Cprocessing%2Cshipped%2Cdelivered%2Creceived%2Creshipped%2Ccancelled%2Creturned%2Crejected [0m-[0m - ms - -[0m
[0mGET /api/orders/seller?status=processing [0m-[0m - ms - -[0m
[0mGET /api/market?status=approved [0m-[0m - ms - -[0m
[0mGET /api/cart [0m-[0m - ms - -[0m
[AUTH] Token Decoded: { id: 4, userId: '4208' }
[AUTH] Token Decoded: { id: 4, userId: '4208' }
[AUTH] Token Decoded: { id: 4, userId: '4208' }
[AUTH] Token Decoded: { id: 4, userId: '4208' }
[0mGET /api/cart [0m-[0m - ms - -[0m
[AUTH] Token Decoded: { id: 4, userId: '4208' }
[0mGET /api/orders/seller?status=shipped [0m-[0m - ms - -[0m
[AUTH] Token Decoded: { id: 4, userId: '4208' }
[AUTH] Token Decoded: { id: 4, userId: '4208' }
[AUTH] Token Decoded: { id: 4, userId: '4208' }
[AUTH] Token Decoded: { id: 4, userId: '4208' }
[AUTH] Token Decoded: { id: 4, userId: '4208' }
[AUTH] Token Decoded: { id: 4, userId: '4208' }
[0mGET /api/cart [0m-[0m - ms - -[0m
[0mGET /api/cart [0m-[0m - ms - -[0m
[0mGET /api/cart [0m-[0m - ms - -[0m
[0mGET /api/cart [0m-[0m - ms - -[0m
[0mGET /api/cart [0m-[0m - ms - -[0m
[0mGET /api/cart [0m-[0m - ms - -[0m
[0mGET /api/cart [0m-[0m - ms - -[0m
[0mGET /api/cart [0m-[0m - ms - -[0m
[0mGET /api/cart [0m-[0m - ms - -[0m
[0mGET /api/cart [0m-[0m - ms - -[0m
[0mGET /api/chat/conversations [0m-[0m - ms - -[0m
[AUTH] Token Decoded: { id: 4, userId: '4208' }
[AUTH] Token Decoded: { id: 4, userId: '4208' }
[AUTH] Token Decoded: { id: 4, userId: '4208' }
[AUTH] Token Decoded: { id: 4, userId: '4208' }
[AUTH] Token Decoded: { id: 4, userId: '4208' }
[AUTH] Token Decoded: { id: 4, userId: '4208' }
[0mGET /api/cart [0m-[0m - ms - -[0m
[0mGET /api/cart [0m-[0m - ms - -[0m
[AUTH] Token Decoded: { id: 4, userId: '4208' }
[AUTH] Token Decoded: { id: 4, userId: '4208' }
[AUTH] Token Decoded: { id: 4, userId: '4208' }
[AUTH] Token Decoded: { id: 4, userId: '4208' }
[AUTH] Token Decoded: { id: 4, userId: '4208' }
[AUTH] Token Decoded: { id: 4, userId: '4208' }
[AUTH] Token Decoded: { id: 4, userId: '4208' }
[AUTH] Token Decoded: { id: 4, userId: '4208' }
[AUTH] Token Decoded: { id: 4, userId: '4208' }
[AUTH] Token Decoded: { id: 4, userId: '4208' }
[0mGET /api/cart [0m-[0m - ms - -[0m
[0mGET /api/chat/conversations [0m-[0m - ms - -[0m
[0mGET /api/chat/conversations [0m-[0m - ms - -[0m
[0mGET /api/cart [0m-[0m - ms - -[0m
[AUTH] Token Decoded: { id: 4, userId: '4208' }
[0mGET /api/chat/conversations [0m-[0m - ms - -[0m
[0mGET /api/auth/profile [0m-[0m - ms - -[0m
[0mGET /api/cart [0m-[0m - ms - -[0m
[0mGET /api/chat/conversations [0m-[0m - ms - -[0m
[0mGET /api/cart [0m-[0m - ms - -[0m
[0mGET /api/chat/conversations [0m-[0m - ms - -[0m
[0mGET /api/cart [0m-[0m - ms - -[0m
[0mGET /api/chat/conversations [0m-[0m - ms - -[0m
[0mGET /api/cart [0m-[0m - ms - -[0m
[0mGET /api/auth/profile [0m-[0m - ms - -[0m
[0mGET /api/auth/profile [0m-[0m - ms - -[0m
[0mGET /api/chat/conversations [0m-[0m - ms - -[0m
[AUTH] Token Decoded: { id: 4, userId: '4208' }
[0mGET /api/cart [0m-[0m - ms - -[0m
[AUTH] Token Decoded: { id: 4, userId: '4208' }
[0mGET /api/chat/conversations [0m-[0m - ms - -[0m
[0mGET /api/cart [0m-[0m - ms - -[0m
[0mGET /api/chat/conversations [0m-[0m - ms - -[0m
[0mGET /api/cart [0m-[0m - ms - -[0m
[0mGET /api/chat/conversations [0m-[0m - ms - -[0m
[0mGET /api/cart [0m-[0m - ms - -[0m
[AUTH] Token Decoded: { id: 4, userId: '4208' }
[0mGET /api/chat/conversations [0m-[0m - ms - -[0m
[0mGET /api/cart [0m-[0m - ms - -[0m
[0mGET /api/chat/conversations [0m-[0m - ms - -[0m
[0mGET /api/cart [0m-[0m - ms - -[0m
[0mGET /api/chat/conversations [0m-[0m - ms - -[0m
[0mGET /api/cart [0m-[0m - ms - -[0m
[0mGET /api/chat/conversations [0m-[0m - ms - -[0m
[0mGET /api/cart [0m-[0m - ms - -[0m
[0mGET /api/auth/profile [0m-[0m - ms - -[0m
[0mGET /api/auth/profile [0m-[0m - ms - -[0m
[0mGET /api/market?status=approved [0m-[0m - ms - -[0m
[0mGET /api/market?status=approved [0m-[0m - ms - -[0m
[0mGET /api/chat/conversations [0m-[0m - ms - -[0m
[0mGET /api/cart [0m-[0m - ms - -[0m
[0mGET /api/auth/profile [0m-[0m - ms - -[0m
[0mGET /api/chat/conversations [0m-[0m - ms - -[0m
[0mGET /api/cart [0m-[0m - ms - -[0m
[0mGET /api/chat/conversations [0m-[0m - ms - -[0m
[0mGET /api/cart [0m-[0m - ms - -[0m
[0mGET /api/cart [0m-[0m - ms - -[0m
[0mGET /api/chat/conversations [0m-[0m - ms - -[0m
[AUTH] Token Decoded: { id: 4, userId: '4208' }
[0mGET /api/chat/conversations [0m-[0m - ms - -[0m
[0mGET /api/chat/conversations [0m-[0m - ms - -[0m
[0mGET /api/chat/conversations [0m-[0m - ms - -[0m
[0mGET /api/chat/conversations [0m-[0m - ms - -[0m
[0mGET /api/chat/conversations [0m-[0m - ms - -[0m
[0mGET /api/chat/conversations [0m-[0m - ms - -[0m
[0mGET /api/chat/conversations [0m-[0m - ms - -[0m
[0mGET /api/chat/conversations [0m-[0m - ms - -[0m
[0mGET /api/chat/conversations [0m-[0m - ms - -[0m
[0mGET /api/chat/conversations [0m-[0m - ms - -[0m
[0mGET /api/chat/conversations [0m-[0m - ms - -[0m
[0mGET /api/cart [0m-[0m - ms - -[0m
[0mGET /api/chat/conversations [0m-[0m - ms - -[0m
[0mGET /api/cart [0m-[0m - ms - -[0m
[0mGET /api/cart [0m-[0m - ms - -[0m
[0mGET /api/cart [0m-[0m - ms - -[0m
[0mGET /api/cart [0m-[0m - ms - -[0m
[0mGET /api/cart [0m-[0m - ms - -[0m
[0mGET /api/cart [0m-[0m - ms - -[0m
[0mGET /api/cart [0m-[0m - ms - -[0m
[0mGET /api/cart [0m-[0m - ms - -[0m
[0mGET /api/cart [0m-[0m - ms - -[0m
[0mGET /api/cart [0m-[0m - ms - -[0m
[0mGET /api/cart [0m-[0m - ms - -[0m
[0mGET /api/cart [0m-[0m - ms - -[0m
[0mGET /api/cart [0m-[0m - ms - -[0m
[0mGET /api/cart [0m-[0m - ms - -[0m
[0mGET /api/cart [0m-[0m - ms - -[0m
[0mGET /api/cart [0m-[0m - ms - -[0m
[0mGET /api/cart [0m-[0m - ms - -[0m
[0mGET /api/chat/conversations [0m-[0m - ms - -[0m
[0mGET /api/chat/conversations [0m-[0m - ms - -[0m
[0mGET /api/chat/conversations [0m-[0m - ms - -[0m
[0mGET /api/chat/conversations [0m-[0m - ms - -[0m
[0mGET /api/chat/conversations [0m-[0m - ms - -[0m
[0mGET /api/chat/conversations [0m-[0m - ms - -[0m
[0mGET /api/chat/conversations [0m-[0m - ms - -[0m
[0mGET /api/chat/conversations [0m-[0m - ms - -[0m
[0mGET /api/chat/conversations [0m-[0m - ms - -[0m
[0mGET /api/chat/conversations [0m-[0m - ms - -[0m
[0mGET /api/chat/conversations [0m-[0m - ms - -[0m
[0mGET /api/chat/conversations [0m-[0m - ms - -[0m
[0mGET /api/chat/conversations [0m-[0m - ms - -[0m
[0mGET /api/chat/conversations [0m-[0m - ms - -[0m
[0mGET /api/chat/conversations [0m-[0m - ms - -[0m
[0mGET /api/chat/conversations [0m-[0m - ms - -[0m
[0mGET /api/chat/conversations [0m-[0m - ms - -[0m
[0mGET /api/cart [0m-[0m - ms - -[0m
[0mGET /api/cart [0m-[0m - ms - -[0m
[AUTH] Token Decoded: { id: 4, userId: '4208' }
[0mGET /api/cart [0m-[0m - ms - -[0m
[AUTH] Token Decoded: { id: 4, userId: '4208' }
[0mGET /api/cart [0m-[0m - ms - -[0m
[0mGET /api/cart [0m-[0m - ms - -[0m
[AUTH] Token Decoded: { id: 4, userId: '4208' }
[0mGET /api/cart [0m-[0m - ms - -[0m
[AUTH] Token Decoded: { id: 4, userId: '4208' }
[AUTH] Token Decoded: { id: 4, userId: '4208' }
[0mGET /api/cart [0m-[0m - ms - -[0m
[AUTH] Token Decoded: { id: 4, userId: '4208' }
[0mGET /api/cart [0m-[0m - ms - -[0m
[AUTH] Token Decoded: { id: 4, userId: '4208' }
[0mGET /api/cart [0m-[0m - ms - -[0m
[AUTH] Token Decoded: { id: 4, userId: '4208' }
[0mGET /api/cart [0m-[0m - ms - -[0m
[AUTH] Token Decoded: { id: 4, userId: '4208' }
[0mGET /api/cart [0m-[0m - ms - -[0m
[AUTH] Token Decoded: { id: 4, userId: '4208' }
[0mGET /api/cart [0m-[0m - ms - -[0m
[AUTH] Token Decoded: { id: 4, userId: '4208' }
[0mGET /api/cart [0m-[0m - ms - -[0m
[AUTH] Token Decoded: { id: 4, userId: '4208' }
[0mGET /api/cart [0m-[0m - ms - -[0m
[AUTH] Token Decoded: { id: 4, userId: '4208' }
[0mGET /api/cart [0m-[0m - ms - -[0m
[AUTH] Token Decoded: { id: 4, userId: '4208' }
[0mGET /api/cart [0m-[0m - ms - -[0m
[AUTH] Token Decoded: { id: 4, userId: '4208' }
[0mGET /api/cart [0m-[0m - ms - -[0m
[AUTH] Token Decoded: { id: 4, userId: '4208' }
[0mGET /api/cart [0m-[0m - ms - -[0m
[AUTH] Token Decoded: { id: 4, userId: '4208' }
[0mGET /api/cart [0m-[0m - ms - -[0m
[AUTH] Token Decoded: { id: 4, userId: '4208' }
[0mGET /api/cart [0m-[0m - ms - -[0m
[AUTH] Token Decoded: { id: 4, userId: '4208' }
[0mGET /api/cart [0m-[0m - ms - -[0m
[AUTH] Token Decoded: { id: 4, userId: '4208' }
[0mGET /api/cart [0m-[0m - ms - -[0m
[AUTH] Token Decoded: { id: 4, userId: '4208' }
[0mGET /api/cart [0m-[0m - ms - -[0m
[0mGET / [33m404[0m 0.352 ms - 49[0m
[AUTH] Token Decoded: { id: 4, userId: '4208' }
[0mGET /api/cart [0m-[0m - ms - -[0m
[AUTH] Token Decoded: { id: 4, userId: '4208' }
[0mGET /api/cart [0m-[0m - ms - -[0m
[AUTH] Token Decoded: { id: 4, userId: '4208' }
[0mGET /api/cart [0m-[0m - ms - -[0m
[AUTH] Token Decoded: { id: 4, userId: '4208' }
[0mGET /api/cart [0m-[0m - ms - -[0m
[AUTH] Token Decoded: { id: 4, userId: '4208' }
[0mGET /api/cart [0m-[0m - ms - -[0m
[AUTH] Token Decoded: { id: 4, userId: '4208' }
[0mGET /api/cart [0m-[0m - ms - -[0m
[AUTH] Token Decoded: { id: 4, userId: '4208' }
[0mGET /api/cart [0m-[0m - ms - -[0m
[AUTH] Token Decoded: { id: 4, userId: '4208' }
[0mGET /api/cart [0m-[0m - ms - -[0m
[AUTH] Token Decoded: { id: 4, userId: '4208' }
[0mGET /api/cart [0m-[0m - ms - -[0m
[AUTH] Token Decoded: { id: 4, userId: '4208' }
[0mGET /api/cart [0m-[0m - ms - -[0m
[AUTH] Token Decoded: { id: 4, userId: '4208' }
[AUTH] Token Decoded: { id: 4, userId: '4208' }
[AUTH] Token Decoded: { id: 4, userId: '4208' }
[AUTH] Token Decoded: { id: 4, userId: '4208' }
[AUTH] Token Decoded: { id: 4, userId: '4208' }
[AUTH] Token Decoded: { id: 4, userId: '4208' }
[AUTH] Token Decoded: { id: 4, userId: '4208' }
[AUTH] Token Decoded: { id: 4, userId: '4208' }
[AUTH] Token Decoded: { id: 4, userId: '4208' }
[AUTH] Token Decoded: { id: 4, userId: '4208' }
[AUTH] Token Decoded: { id: 4, userId: '4208' }
[AUTH] Token Decoded: { id: 4, userId: '4208' }
[AUTH] Token Decoded: { id: 4, userId: '4208' }
[AUTH] Token Decoded: { id: 4, userId: '4208' }
[AUTH] Token Decoded: { id: 4, userId: '4208' }
[AUTH] Token Decoded: { id: 4, userId: '4208' }
[AUTH] Token Decoded: { id: 4, userId: '4208' }
[AUTH] Token Decoded: { id: 4, userId: '4208' }
[AUTH] Token Decoded: { id: 4, userId: '4208' }
[AUTH] Token Decoded: { id: 4, userId: '4208' }
[AUTH] Token Decoded: { id: 4, userId: '4208' }
[AUTH] Token Decoded: { id: 4, userId: '4208' }
[0mGET /api/cart [0m-[0m - ms - -[0m
[AUTH] Token Decoded: { id: 4, userId: '4208' }
[AUTH] Token Decoded: { id: 4, userId: '4208' }
[AUTH] Token Decoded: { id: 4, userId: '4208' }
[AUTH] Token Decoded: { id: 4, userId: '4208' }
[AUTH] Token Decoded: { id: 4, userId: '4208' }
[AUTH] Token Decoded: { id: 4, userId: '4208' }
[AUTH] Token Decoded: { id: 4, userId: '4208' }
[AUTH] Token Decoded: { id: 4, userId: '4208' }
[AUTH] Token Decoded: { id: 4, userId: '4208' }
[AUTH] Token Decoded: { id: 4, userId: '4208' }
[AUTH] Token Decoded: { id: 4, userId: '4208' }
[AUTH] Token Decoded: { id: 4, userId: '4208' }
[0mGET /api/cart [0m-[0m - ms - -[0m
[0mGET /api/cart [0m-[0m - ms - -[0m
[0mGET /api/cart [0m-[0m - ms - -[0m
[0mGET /api/cart [0m-[0m - ms - -[0m
[0mGET /api/cart [0m-[0m - ms - -[0m
[0mGET /api/cart [0m-[0m - ms - -[0m
[0mGET /api/cart [0m-[0m - ms - -[0m
[0mGET /api/cart [0m-[0m - ms - -[0m
[0mGET /api/cart [0m-[0m - ms - -[0m
[0mGET /api/cart [0m-[0m - ms - -[0m
[0mGET /api/cart [0m-[0m - ms - -[0m
[0mGET /api/cart [0m-[0m - ms - -[0m
[0mGET /api/cart [0m-[0m - ms - -[0m
[0mGET /api/cart [0m-[0m - ms - -[0m
[0mGET /api/cart [0m-[0m - ms - -[0m
[0mGET /api/cart [0m-[0m - ms - -[0m
[0mGET /api/cart [0m-[0m - ms - -[0m
[0mGET /api/cart [0m-[0m - ms - -[0m
[AUTH] Token Decoded: { id: 4, userId: '4208' }
[0mGET /api/cart [0m-[0m - ms - -[0m
[0mGET /api/cart [0m-[0m - ms - -[0m
[0mGET /api/cart [0m-[0m - ms - -[0m
[0mGET /api/cart [0m-[0m - ms - -[0m
[0mGET /api/cart [0m-[0m - ms - -[0m
[0mGET /api/cart [0m-[0m - ms - -[0m
[0mGET /api/cart [0m-[0m - ms - -[0m
[0mGET /api/cart [0m-[0m - ms - -[0m
[0mGET /api/cart [0m-[0m - ms - -[0m
[0mGET /api/cart [0m-[0m - ms - -[0m
[0mGET /api/cart [0m-[0m - ms - -[0m
[0mGET /api/cart [0m-[0m - ms - -[0m
[0mGET /api/cart [0m-[0m - ms - -[0m
[0mGET /api/cart [0m-[0m - ms - -[0m
[0mGET /api/cart [0m-[0m - ms - -[0m
[0mGET /api/cart [0m-[0m - ms - -[0m
[AUTH] Token Decoded: { id: 4, userId: '4208' }
[0mGET /api/cart [0m-[0m - ms - -[0m
[0mGET /api/cart [0m-[0m - ms - -[0m
[0mGET /api/cart [0m-[0m - ms - -[0m
[AUTH] Token Decoded: { id: 4, userId: '4208' }
[AUTH] Token Decoded: { id: 4, userId: '4208' }
[0mGET /api/cart [0m-[0m - ms - -[0m
[0mGET /api/cart [0m-[0m - ms - -[0m
[AUTH] Token Decoded: { id: 4, userId: '4208' }
[AUTH] Token Decoded: { id: 4, userId: '4208' }
[AUTH] Token Decoded: { id: 4, userId: '4208' }
[AUTH] Token Decoded: { id: 4, userId: '4208' }
[AUTH] Token Decoded: { id: 4, userId: '4208' }
[AUTH] Token Decoded: { id: 4, userId: '4208' }
[AUTH] Token Decoded: { id: 4, userId: '4208' }
[AUTH] Token Decoded: { id: 4, userId: '4208' }
[AUTH] Token Decoded: { id: 4, userId: '4208' }
[AUTH] Token Decoded: { id: 4, userId: '4208' }
[AUTH] Token Decoded: { id: 4, userId: '4208' }
[AUTH] Token Decoded: { id: 4, userId: '4208' }
[AUTH] Token Decoded: { id: 4, userId: '4208' }
[AUTH] Token Decoded: { id: 4, userId: '4208' }
[AUTH] Token Decoded: { id: 4, userId: '4208' }
[0mGET /api/cart [0m-[0m - ms - -[0m
[AUTH] Token Decoded: { id: 4, userId: '4208' }
[0mGET /api/cart [0m-[0m - ms - -[0m
[AUTH] Token Decoded: { id: 4, userId: '4208' }
[AUTH] Token Decoded: { id: 4, userId: '4208' }
[0mGET /api/cart [0m-[0m - ms - -[0m
[AUTH] Token Decoded: { id: 4, userId: '4208' }
[0mGET /api/cart [0m-[0m - ms - -[0m
[0mGET /api/cart [0m-[0m - ms - -[0m
[AUTH] Token Decoded: { id: 4, userId: '4208' }
[AUTH] Token Decoded: { id: 4, userId: '4208' }
[0mGET /api/cart [0m-[0m - ms - -[0m
[AUTH] Token Decoded: { id: 4, userId: '4208' }
[0mGET /api/cart [0m-[0m - ms - -[0m
[AUTH] Token Decoded: { id: 4, userId: '4208' }
[0mGET /api/cart [0m-[0m - ms - -[0m
[AUTH] Token Decoded: { id: 4, userId: '4208' }
[0mGET /api/cart [0m-[0m - ms - -[0m
[0mGET /api/cart [0m-[0m - ms - -[0m
[AUTH] Token Decoded: { id: 4, userId: '4208' }
[AUTH] Token Decoded: { id: 4, userId: '4208' }
[0mGET /api/cart [0m-[0m - ms - -[0m
[0mGET /api/cart [0m-[0m - ms - -[0m
[AUTH] Token Decoded: { id: 4, userId: '4208' }
[0mGET /api/cart [0m-[0m - ms - -[0m
[AUTH] Token Decoded: { id: 4, userId: '4208' }
[0mGET /api/cart [0m-[0m - ms - -[0m
[0mGET /api/cart [0m-[0m - ms - -[0m
[0mGET /api/cart [0m-[0m - ms - -[0m
[0mGET /api/cart [0m-[0m - ms - -[0m
[0mGET /api/cart [0m-[0m - ms - -[0m
[0mGET /api/cart [0m-[0m - ms - -[0m
[0mGET /api/cart [0m-[0m - ms - -[0m
[0mGET /api/cart [0m-[0m - ms - -[0m
[0mGET /api/cart [0m-[0m - ms - -[0m
[0mGET /api/cart [0m-[0m - ms - -[0m
[0mGET /api/cart [0m-[0m - ms - -[0m
[0mGET /api/cart [0m-[0m - ms - -[0m
[0mGET /api/cart [0m-[0m - ms - -[0m
[0mGET /api/cart [0m-[0m - ms - -[0m
[0mGET /api/cart [0m-[0m - ms - -[0m
[AUTH] Token Decoded: { id: 4, userId: '4208' }
[0mGET /api/cart [0m-[0m - ms - -[0m
