≡ƒöî Using Local Database Config: localhost:5432/Googer
--- Testing logView ---
Γ£à Connected to PostgreSQL database
Status: 200
JSON: {
  "success": true,
  "message": "Viewer not logged in"
}
--- Testing toggleLike ---
node : Error toggling like: 
error: column "id" does not 
exist
At line:1 char:1
+ node test_controller.js > 
test_output.txt 2>&1
+ ~~~~~~~~~~~~~~~~~~~~~~~~~~~
~~~~~~~~~~~~~~~~~~~
    + CategoryInfo           
   : NotSpecified: (Error t  
  oggling ... does not exi   
 st:String) [], RemoteExc    
eption
    + FullyQualifiedErrorId  
   : NativeCommandError
 
    at F:\googer new\googer-n
ext\backend\node_modules\pg-p
ool\index.js:45:11
    at process.processTicksAn
dRejections (node:internal/pr
ocess/task_queues:105:5)
    at async 
exports.toggleLike 
(F:\googer new\googer-next\ba
ckend\src\controllers\marketC
ontroller.js:344:27)
    at async test (F:\googer 
new\googer-next\backend\test_
controller.js:24:5) {
  length: 101,
  severity: 'ERROR',
  code: '42703',
  detail: undefined,
  hint: undefined,
  position: '8',
  internalPosition: 
undefined,
  internalQuery: undefined,
  where: undefined,
  schema: undefined,
  table: undefined,
  column: undefined,
  dataType: undefined,
  constraint: undefined,
  file: 'parse_relation.c',
  line: '3827',
  routine: 
'errorMissingColumn'
}
Status: 500
JSON: {
  "success": false,
  "message": "Server error toggling like"
}
